// Jest Snapshot v1, https://goo.gl/fbAQLP

exports[`Card should match the snapshot 1`] = `
ShallowWrapper {
  "length": 1,
  Symbol(enzyme.__root__): [Circular],
  Symbol(enzyme.__unrendered__): <Card />,
  Symbol(enzyme.__renderer__): Object {
    "batchedUpdates": [Function],
    "getNode": [Function],
    "render": [Function],
    "simulateEvent": [Function],
    "unmount": [Function],
  },
  Symbol(enzyme.__node__): Object {
    "instance": null,
    "key": undefined,
    "nodeType": "host",
    "props": Object {
      "children": Array [
        <h1
          className="name"
/>,
        <p
          className="species"
>
          Species: 
</p>,
        <p
          className="homeworld"
>
          Homeworld: 
</p>,
        <p
          className="population"
>
          Population: 
</p>,
        <button
          className="button"
          onClick={[Function]}
>
          favorites
</button>,
      ],
      "className": "card",
    },
    "ref": null,
    "rendered": Array [
      Object {
        "instance": null,
        "key": undefined,
        "nodeType": "host",
        "props": Object {
          "children": undefined,
          "className": "name",
        },
        "ref": null,
        "rendered": null,
        "type": "h1",
      },
      Object {
        "instance": null,
        "key": undefined,
        "nodeType": "host",
        "props": Object {
          "children": Array [
            "Species: ",
            undefined,
          ],
          "className": "species",
        },
        "ref": null,
        "rendered": Array [
          "Species: ",
          undefined,
        ],
        "type": "p",
      },
      Object {
        "instance": null,
        "key": undefined,
        "nodeType": "host",
        "props": Object {
          "children": Array [
            "Homeworld: ",
            undefined,
          ],
          "className": "homeworld",
        },
        "ref": null,
        "rendered": Array [
          "Homeworld: ",
          undefined,
        ],
        "type": "p",
      },
      Object {
        "instance": null,
        "key": undefined,
        "nodeType": "host",
        "props": Object {
          "children": Array [
            "Population: ",
            undefined,
          ],
          "className": "population",
        },
        "ref": null,
        "rendered": Array [
          "Population: ",
          undefined,
        ],
        "type": "p",
      },
      Object {
        "instance": null,
        "key": undefined,
        "nodeType": "host",
        "props": Object {
          "children": "favorites",
          "className": "button",
          "onClick": [Function],
        },
        "ref": null,
        "rendered": "favorites",
        "type": "button",
      },
    ],
    "type": "div",
  },
  Symbol(enzyme.__nodes__): Array [
    Object {
      "instance": null,
      "key": undefined,
      "nodeType": "host",
      "props": Object {
        "children": Array [
          <h1
            className="name"
/>,
          <p
            className="species"
>
            Species: 
</p>,
          <p
            className="homeworld"
>
            Homeworld: 
</p>,
          <p
            className="population"
>
            Population: 
</p>,
          <button
            className="button"
            onClick={[Function]}
>
            favorites
</button>,
        ],
        "className": "card",
      },
      "ref": null,
      "rendered": Array [
        Object {
          "instance": null,
          "key": undefined,
          "nodeType": "host",
          "props": Object {
            "children": undefined,
            "className": "name",
          },
          "ref": null,
          "rendered": null,
          "type": "h1",
        },
        Object {
          "instance": null,
          "key": undefined,
          "nodeType": "host",
          "props": Object {
            "children": Array [
              "Species: ",
              undefined,
            ],
            "className": "species",
          },
          "ref": null,
          "rendered": Array [
            "Species: ",
            undefined,
          ],
          "type": "p",
        },
        Object {
          "instance": null,
          "key": undefined,
          "nodeType": "host",
          "props": Object {
            "children": Array [
              "Homeworld: ",
              undefined,
            ],
            "className": "homeworld",
          },
          "ref": null,
          "rendered": Array [
            "Homeworld: ",
            undefined,
          ],
          "type": "p",
        },
        Object {
          "instance": null,
          "key": undefined,
          "nodeType": "host",
          "props": Object {
            "children": Array [
              "Population: ",
              undefined,
            ],
            "className": "population",
          },
          "ref": null,
          "rendered": Array [
            "Population: ",
            undefined,
          ],
          "type": "p",
        },
        Object {
          "instance": null,
          "key": undefined,
          "nodeType": "host",
          "props": Object {
            "children": "favorites",
            "className": "button",
            "onClick": [Function],
          },
          "ref": null,
          "rendered": "favorites",
          "type": "button",
        },
      ],
      "type": "div",
    },
  ],
  Symbol(enzyme.__options__): Object {
    "adapter": ReactSixteenAdapter {
      "options": Object {
        "enableComponentDidUpdateOnSetState": true,
      },
    },
  },
}
`;
