// Jest Snapshot v1, https://goo.gl/fbAQLP

exports[`ButtonContainer should match the snapshot 1`] = `
ShallowWrapper {
  "length": 1,
  Symbol(enzyme.__root__): [Circular],
  Symbol(enzyme.__unrendered__): <ButtonContainer
    favorites={
        Array [
            Object {
              "homeworld": "tattooine",
              "name": "Luke",
              "species": "human",
            },
          ]
    }
/>,
  Symbol(enzyme.__renderer__): Object {
    "batchedUpdates": [Function],
    "getNode": [Function],
    "render": [Function],
    "simulateEvent": [Function],
    "unmount": [Function],
  },
  Symbol(enzyme.__node__): Object {
    "instance": null,
    "key": undefined,
    "nodeType": "host",
    "props": Object {
      "children": Array [
        <NavLink
          activeClassName="active"
          ariaCurrent="true"
          className="button"
          onClick={[Function]}
          to="/people"
>
          People
</NavLink>,
        <NavLink
          activeClassName="active"
          ariaCurrent="true"
          className="button"
          onClick={[Function]}
          to="/vehicles"
>
          Vehicles
</NavLink>,
        <NavLink
          activeClassName="active"
          ariaCurrent="true"
          className="button"
          onClick={[Function]}
          to="/planets"
>
          Planets
</NavLink>,
        <NavLink
          activeClassName="active"
          ariaCurrent="true"
          className="button"
          to="/favorites"
>
          Favorites 
          <p>
                    1
          </p>
</NavLink>,
      ],
      "className": "button-container",
    },
    "ref": null,
    "rendered": Array [
      Object {
        "instance": null,
        "key": undefined,
        "nodeType": "function",
        "props": Object {
          "activeClassName": "active",
          "ariaCurrent": "true",
          "children": "People",
          "className": "button",
          "onClick": [Function],
          "to": "/people",
        },
        "ref": null,
        "rendered": "People",
        "type": [Function],
      },
      Object {
        "instance": null,
        "key": undefined,
        "nodeType": "function",
        "props": Object {
          "activeClassName": "active",
          "ariaCurrent": "true",
          "children": "Vehicles",
          "className": "button",
          "onClick": [Function],
          "to": "/vehicles",
        },
        "ref": null,
        "rendered": "Vehicles",
        "type": [Function],
      },
      Object {
        "instance": null,
        "key": undefined,
        "nodeType": "function",
        "props": Object {
          "activeClassName": "active",
          "ariaCurrent": "true",
          "children": "Planets",
          "className": "button",
          "onClick": [Function],
          "to": "/planets",
        },
        "ref": null,
        "rendered": "Planets",
        "type": [Function],
      },
      Object {
        "instance": null,
        "key": undefined,
        "nodeType": "function",
        "props": Object {
          "activeClassName": "active",
          "ariaCurrent": "true",
          "children": Array [
            "Favorites ",
            <p>
              1
</p>,
          ],
          "className": "button",
          "to": "/favorites",
        },
        "ref": null,
        "rendered": Array [
          "Favorites ",
          Object {
            "instance": null,
            "key": undefined,
            "nodeType": "host",
            "props": Object {
              "children": 1,
            },
            "ref": null,
            "rendered": 1,
            "type": "p",
          },
        ],
        "type": [Function],
      },
    ],
    "type": "div",
  },
  Symbol(enzyme.__nodes__): Array [
    Object {
      "instance": null,
      "key": undefined,
      "nodeType": "host",
      "props": Object {
        "children": Array [
          <NavLink
            activeClassName="active"
            ariaCurrent="true"
            className="button"
            onClick={[Function]}
            to="/people"
>
            People
</NavLink>,
          <NavLink
            activeClassName="active"
            ariaCurrent="true"
            className="button"
            onClick={[Function]}
            to="/vehicles"
>
            Vehicles
</NavLink>,
          <NavLink
            activeClassName="active"
            ariaCurrent="true"
            className="button"
            onClick={[Function]}
            to="/planets"
>
            Planets
</NavLink>,
          <NavLink
            activeClassName="active"
            ariaCurrent="true"
            className="button"
            to="/favorites"
>
            Favorites 
            <p>
                        1
            </p>
</NavLink>,
        ],
        "className": "button-container",
      },
      "ref": null,
      "rendered": Array [
        Object {
          "instance": null,
          "key": undefined,
          "nodeType": "function",
          "props": Object {
            "activeClassName": "active",
            "ariaCurrent": "true",
            "children": "People",
            "className": "button",
            "onClick": [Function],
            "to": "/people",
          },
          "ref": null,
          "rendered": "People",
          "type": [Function],
        },
        Object {
          "instance": null,
          "key": undefined,
          "nodeType": "function",
          "props": Object {
            "activeClassName": "active",
            "ariaCurrent": "true",
            "children": "Vehicles",
            "className": "button",
            "onClick": [Function],
            "to": "/vehicles",
          },
          "ref": null,
          "rendered": "Vehicles",
          "type": [Function],
        },
        Object {
          "instance": null,
          "key": undefined,
          "nodeType": "function",
          "props": Object {
            "activeClassName": "active",
            "ariaCurrent": "true",
            "children": "Planets",
            "className": "button",
            "onClick": [Function],
            "to": "/planets",
          },
          "ref": null,
          "rendered": "Planets",
          "type": [Function],
        },
        Object {
          "instance": null,
          "key": undefined,
          "nodeType": "function",
          "props": Object {
            "activeClassName": "active",
            "ariaCurrent": "true",
            "children": Array [
              "Favorites ",
              <p>
                1
</p>,
            ],
            "className": "button",
            "to": "/favorites",
          },
          "ref": null,
          "rendered": Array [
            "Favorites ",
            Object {
              "instance": null,
              "key": undefined,
              "nodeType": "host",
              "props": Object {
                "children": 1,
              },
              "ref": null,
              "rendered": 1,
              "type": "p",
            },
          ],
          "type": [Function],
        },
      ],
      "type": "div",
    },
  ],
  Symbol(enzyme.__options__): Object {
    "adapter": ReactSixteenAdapter {
      "options": Object {
        "enableComponentDidUpdateOnSetState": true,
      },
    },
  },
}
`;
